<?xml version="1.0" encoding="utf-8"?>
<heightmap MinX="0" MinY="0" MaxX="42" MaxY="30" SizeX="10" SizeY="7">
  <point X="0" Y="0">-0.010</point>
  <point X="0" Y="1">-0.010</point>
  <point X="0" Y="2">-0.009</point>
  <point X="0" Y="3">-0.005</point>
  <point X="0" Y="4">0.005</point>
  <point X="0" Y="5">0.014</point>
  <point X="0" Y="6">0.026</point>
  <point X="1" Y="0">0.005</point>
  <point X="1" Y="1">0.001</point>
  <point X="1" Y="2">0.004</point>
  <point X="1" Y="3">0.009</point>
  <point X="1" Y="4">0.019</point>
  <point X="1" Y="5">0.025</point>
  <point X="1" Y="6">0.039</point>
  <point X="2" Y="0">0.015</point>
  <point X="2" Y="1">0.009</point>
  <point X="2" Y="2">0.018</point>
  <point X="2" Y="3">0.024</point>
  <point X="2" Y="4">0.031</point>
  <point X="2" Y="5">0.043</point>
  <point X="2" Y="6">0.055</point>
  <point X="3" Y="0">0.026</point>
  <point X="3" Y="1">0.024</point>
  <point X="3" Y="2">0.028</point>
  <point X="3" Y="3">0.034</point>
  <point X="3" Y="4">0.043</point>
  <point X="3" Y="5">0.054</point>
  <point X="3" Y="6">0.065</point>
  <point X="4" Y="0">0.036</point>
  <point X="4" Y="1">0.034</point>
  <point X="4" Y="2">0.040</point>
  <point X="4" Y="3">0.048</point>
  <point X="4" Y="4">0.056</point>
  <point X="4" Y="5">0.065</point>
  <point X="4" Y="6">0.076</point>
  <point X="5" Y="0">0.046</point>
  <point X="5" Y="1">0.044</point>
  <point X="5" Y="2">0.050</point>
  <point X="5" Y="3">0.059</point>
  <point X="5" Y="4">0.065</point>
  <point X="5" Y="5">0.073</point>
  <point X="5" Y="6">0.085</point>
  <point X="6" Y="0">0.058</point>
  <point X="6" Y="1">0.053</point>
  <point X="6" Y="2">0.063</point>
  <point X="6" Y="3">0.070</point>
  <point X="6" Y="4">0.079</point>
  <point X="6" Y="5">0.086</point>
  <point X="6" Y="6">0.098</point>
  <point X="7" Y="0">0.073</point>
  <point X="7" Y="1">0.073</point>
  <point X="7" Y="2">0.078</point>
  <point X="7" Y="3">0.085</point>
  <point X="7" Y="4">0.094</point>
  <point X="7" Y="5">0.103</point>
  <point X="7" Y="6">0.113</point>
  <point X="8" Y="0">0.076</point>
  <point X="8" Y="1">0.080</point>
  <point X="8" Y="2">0.086</point>
  <point X="8" Y="3">0.096</point>
  <point X="8" Y="4">0.101</point>
  <point X="8" Y="5">0.109</point>
  <point X="8" Y="6">0.104</point>
  <point X="9" Y="0">0.075</point>
  <point X="9" Y="1">0.086</point>
  <point X="9" Y="2">0.099</point>
  <point X="9" Y="3">0.105</point>
  <point X="9" Y="4">0.113</point>
  <point X="9" Y="5">0.118</point>
  <point X="9" Y="6">0.085</point>
</heightmap>